// Jest Snapshot v1, https://goo.gl/fbAQLP

exports[`Footer renders correnctly 1`] = `
<div
  className="footer"
>
  <p>
    Built with
    <img
      src="https://upload.wikimedia.org/wikipedia/commons/thumb/a/a7/React-icon.svg/1024px-React-icon.svg.png"
    />
    by Alex Tatarinov
  </p>
</div>
`;
